/Users/miguelvladimirvargassanchez/Documents/MCUXpressoIDE_25.6.136/workspace/612_wifi_webconfig/wifi/incl/wm_utils.h:103:28:wm_hex2bin	48	static
/Users/miguelvladimirvargassanchez/Documents/MCUXpressoIDE_25.6.136/workspace/612_wifi_webconfig/wifi/port/osa/osa_freertos.h:118:20:OSA_LockSchedule	8	static
/Users/miguelvladimirvargassanchez/Documents/MCUXpressoIDE_25.6.136/workspace/612_wifi_webconfig/wifi/port/osa/osa_freertos.h:124:20:OSA_UnlockSchedule	8	static
/Users/miguelvladimirvargassanchez/Documents/MCUXpressoIDE_25.6.136/workspace/612_wifi_webconfig/wifi/incl/wlcmgr/wlan.h:1048:19:is_valid_security	16	static
/Users/miguelvladimirvargassanchez/Documents/MCUXpressoIDE_25.6.136/workspace/612_wifi_webconfig/wifi/incl/wlcmgr/wlan.h:5123:20:print_mac	40	static
/Users/miguelvladimirvargassanchez/Documents/MCUXpressoIDE_25.6.136/workspace/612_wifi_webconfig/wifi/incl/port/net/wm_net.h:393:20:net_stack_buffer_free	16	static
/Users/miguelvladimirvargassanchez/Documents/MCUXpressoIDE_25.6.136/workspace/612_wifi_webconfig/wifi/incl/port/net/wm_net.h:425:21:net_stack_buffer_get_payload	16	static
/Users/miguelvladimirvargassanchez/Documents/MCUXpressoIDE_25.6.136/workspace/612_wifi_webconfig/wifi/incl/wlcmgr/wlan_11d.h:28:19:wlan_enable_11d	16	static
/Users/miguelvladimirvargassanchez/Documents/MCUXpressoIDE_25.6.136/workspace/612_wifi_webconfig/wifi/incl/wlcmgr/wlan_11d.h:52:19:wlan_enable_uap_11d	16	static
../wifi/wlcmgr/wlan.c:794:5:verify_scan_duration_value	16	static
../wifi/wlcmgr/wlan.c:803:5:verify_scan_channel_value	16	static
../wifi/wlcmgr/wlan.c:812:5:verify_split_scan_delay	16	static
../wifi/wlcmgr/wlan.c:821:5:set_scan_params	16	static
../wifi/wlcmgr/wlan.c:855:5:wlan_set_get_rx_abort_cfg	16	static
../wifi/wlcmgr/wlan.c:862:5:wlan_set_rx_abort_cfg_ext	16	static
../wifi/wlcmgr/wlan.c:867:5:wlan_get_rx_abort_cfg_ext	16	static
../wifi/wlcmgr/wlan.c:874:5:wlan_set_get_cck_desense_cfg	16	static
../wifi/wlcmgr/wlan.c:880:5:get_scan_params	16	static
../wifi/wlcmgr/wlan.c:888:6:wlan_dhcp_cleanup	8	static
../wifi/wlcmgr/wlan.c:937:5:wlan_is_started	4	static
../wifi/wlcmgr/wlan.c:942:5:wlan_is_stopped	4	static
../wifi/wlcmgr/wlan.c:947:13:is_user_scanning	4	static
../wifi/wlcmgr/wlan.c:952:13:is_state	16	static
../wifi/wlcmgr/wlan.c:962:26:wlan_get_sta_state	8	static
../wifi/wlcmgr/wlan.c:971:13:is_uap_state	16	static
../wifi/wlcmgr/wlan.c:976:12:wlan_get_ipv4_addr	24	static
../wifi/wlcmgr/wlan.c:1133:13:temperature_mon_cb	16	static
../wifi/wlcmgr/wlan.c:1160:13:start_temperature_mon_timer	8	static
../wifi/wlcmgr/wlan.c:1170:13:stop_temperature_mon_timer	8	static
../wifi/wlcmgr/wlan.c:1613:13:wlan_send_sleep_confirm	16	static
../wifi/wlcmgr/wlan.c:1625:12:is_bssid_any	16	static
../wifi/wlcmgr/wlan.c:1632:12:security_profile_matches	24	static
../wifi/wlcmgr/wlan.c:1764:12:network_matches_scan_result	72	static
../wifi/wlcmgr/wlan.c:1935:12:configure_security	48	static
../wifi/wlcmgr/wlan.c:2092:13:is_running	4	static
../wifi/wlcmgr/wlan.c:2097:13:is_sta_connecting	4	static
../wifi/wlcmgr/wlan.c:2103:13:is_scanning_allowed	8	static
../wifi/wlcmgr/wlan.c:2111:13:do_scan	72	static
../wifi/wlcmgr/wlan.c:2233:13:do_hidden_scan	72	static
../wifi/wlcmgr/wlan.c:2292:12:do_connect	16	static
../wifi/wlcmgr/wlan.c:2315:12:do_start	496	static
../wifi/wlcmgr/wlan.c:2516:12:do_stop	24	static
../wifi/wlcmgr/wlan.c:2552:13:do_connect_failed	24	static
../wifi/wlcmgr/wlan.c:2591:13:report_scan_results	16	static
../wifi/wlcmgr/wlan.c:2605:13:update_network_params	24	static
../wifi/wlcmgr/wlan.c:2802:12:start_association	40	static
../wifi/wlcmgr/wlan.c:2838:13:wlan_send_btm_response	32	static
../wifi/wlcmgr/wlan.c:2847:13:handle_scan_results	240	static
../wifi/wlcmgr/wlan.c:3071:13:wlan_disable_power_save	16	static
../wifi/wlcmgr/wlan.c:3095:13:wlan_enable_power_save	16	static
../wifi/wlcmgr/wlan.c:3119:13:wlcm_process_sleep_event	8	static
../wifi/wlcmgr/wlan.c:3124:13:wlcm_process_ieeeps_event	24	static
../wifi/wlcmgr/wlan.c:3158:13:wlcm_process_deepsleep_event	24	static
../wifi/wlcmgr/wlan.c:3248:13:wlcm_process_scan_result_event	16	static
../wifi/wlcmgr/wlan.c:3319:13:wlcm_process_sta_addr_config_event	32	static
../wifi/wlcmgr/wlan.c:3404:13:wlcm_process_channel_switch_ann	16	static
../wifi/wlcmgr/wlan.c:3429:6:wlcm_process_csi_status_report	24	static
../wifi/wlcmgr/wlan.c:3695:13:wlcm_process_channel_switch	24	static
../wifi/wlcmgr/wlan.c:3787:13:wlcm_process_send_addba	24	static
../wifi/wlcmgr/wlan.c:3800:13:wlcm_process_addba_request	16	static
../wifi/wlcmgr/wlan.c:3817:13:wlcm_process_delba_request	16	static
../wifi/wlcmgr/wlan.c:3834:13:wlcm_process_ba_stream_timeout_request	16	static
../wifi/wlcmgr/wlan.c:3854:13:wlcm_process_association_event	16	static
../wifi/wlcmgr/wlan.c:3978:13:wlcm_process_pmk_event	40	static
../wifi/wlcmgr/wlan.c:4001:13:wlcm_process_authentication_event	40	static
../wifi/wlcmgr/wlan.c:4225:13:wlcm_process_rssi_low_event	40	static
../wifi/wlcmgr/wlan.c:4320:13:wlan_sort_nlist_channels	24	static
../wifi/wlcmgr/wlan.c:4418:13:wlcm_process_neighbor_list_report_event	104	static
../wifi/wlcmgr/wlan.c:4627:12:wlan_check_valid_channel_operclass	64	static
../wifi/wlcmgr/wlan.c:4674:12:wlan_set_uap_ecsa_cfg	48	static
../wifi/wlcmgr/wlan.c:4736:13:wlan_switch_to_nondfs_channel	40	static
../wifi/wlcmgr/wlan.c:4765:13:wlcm_process_link_loss_event	32	static
../wifi/wlcmgr/wlan.c:4884:13:wlcm_process_disassoc_event	24	static
../wifi/wlcmgr/wlan.c:4921:13:wlcm_process_deauthentication_event	24	static
../wifi/wlcmgr/wlan.c:4949:13:wlcm_process_net_dhcp_config	48	static
../wifi/wlcmgr/wlan.c:5098:13:wlcm_process_net_ipv6_config	40	static
../wifi/wlcmgr/wlan.c:5172:5:wlan_rx_mgmt_indication	24	static
../wifi/wlcmgr/wlan.c:5971:13:wlcm_process_init_params	8	static
../wifi/wlcmgr/wlan.c:5993:13:wlcm_process_init	24	static
../wifi/wlcmgr/wlan.c:6099:13:wlcm_process_net_if_config_event	16	static
../wifi/wlcmgr/wlan.c:6198:26:uap_state_machine	32	static
../wifi/wlcmgr/wlan.c:6397:13:wlcm_request_scan	416	static
../wifi/wlcmgr/wlan.c:6514:13:wlcm_deinit	16	static
../wifi/wlcmgr/wlan.c:6528:13:wlcm_request_disconnect	24	static
../wifi/wlcmgr/wlan.c:6694:13:wlcm_request_connect	32	static
../wifi/wlcmgr/wlan.c:6768:13:wlcm_request_reconnect	24	static
../wifi/wlcmgr/wlan.c:6800:13:wifi_process_bg_scan_stopped	16	static
../wifi/wlcmgr/wlan.c:6819:13:wlcm_process_bg_scan_report	8	static
../wifi/wlcmgr/wlan.c:6829:13:wlcm_process_get_hw_spec_event	8	static
../wifi/wlcmgr/wlan.c:6855:13:wlcm_process_mgmt_frame	24	static
../wifi/wlcmgr/wlan.c:6916:13:wlcm_process_region_power_cfg	24	static
../wifi/wlcmgr/wlan.c:6931:13:wlcm_set_rssi_low_threshold	16	static
../wifi/wlcmgr/wlan.c:6941:13:wlcm_process_chan_load	24	static
../wifi/wlcmgr/wlan.c:7031:26:handle_message	32	static
../wifi/wlcmgr/wlan.c:7525:13:is_uap_msg	16	static
../wifi/wlcmgr/wlan.c:7535:13:wlcmgr_task	32	static
../wifi/wlcmgr/wlan.c:7715:12:send_user_request	24	static
../wifi/wlcmgr/wlan.c:7731:13:copy_network	16	static
../wifi/wlcmgr/wlan.c:7761:12:wifi_wakeup_card_cb	24	static
../wifi/wlcmgr/wlan.c:7778:5:wlan_init	40	static
../wifi/wlcmgr/wlan.c:7927:6:wlan_deinit	16	static
../wifi/wlcmgr/wlan.c:8055:13:assoc_timer_cb	16	static
../wifi/wlcmgr/wlan.c:8088:13:neighbor_req_timer_cb	16	static
../wifi/wlcmgr/wlan.c:8192:13:wlan_wait_wlmgr_ready	8	static
../wifi/wlcmgr/wlan.c:8201:5:wlan_start	32	static
../wifi/wlcmgr/wlan.c:8542:5:wlan_stop	16	static
../wifi/wlcmgr/wlan.c:8721:6:wlan_initialize_uap_network	16	static
../wifi/wlcmgr/wlan.c:8744:6:wlan_initialize_sta_network	16	static
../wifi/wlcmgr/wlan.c:8759:13:isHexNumber	24	static
../wifi/wlcmgr/wlan.c:8772:13:wlan_is_key_valid	24	static
../wifi/wlcmgr/wlan.c:9002:12:wlan_key_mgmt_wpa_psk	24	static
../wifi/wlcmgr/wlan.c:9032:12:wlan_key_mgmt_sae	24	static
../wifi/wlcmgr/wlan.c:9076:12:wlan_key_mgmt_wpa_psk_sae	24	static
../wifi/wlcmgr/wlan.c:9101:12:wlan_key_mgmt_owe	24	static
../wifi/wlcmgr/wlan.c:9132:5:wlan_add_network	32	static
../wifi/wlcmgr/wlan.c:9963:9:wlan_check_11n_capa	24	static
../wifi/wlcmgr/wlan.c:9981:9:wlan_check_11ac_capa	24	static
../wifi/wlcmgr/wlan.c:10001:9:wlan_check_11ax_capa	24	static
../wifi/wlcmgr/wlan.c:10022:5:wlan_remove_network	24	static
../wifi/wlcmgr/wlan.c:10187:5:wlan_get_network_count	16	static
../wifi/wlcmgr/wlan.c:10198:5:wlan_get_current_network	24	static
../wifi/wlcmgr/wlan.c:10222:5:wlan_get_current_network_ssid	16	static
../wifi/wlcmgr/wlan.c:10239:5:wlan_get_current_network_bssid	16	static
../wifi/wlcmgr/wlan.c:10256:5:wlan_get_current_uap_network	16	static
../wifi/wlcmgr/wlan.c:10272:5:wlan_get_current_uap_network_ssid	16	static
../wifi/wlcmgr/wlan.c:10290:5:wlan_set_rssi_threshold	16	static
../wifi/wlcmgr/wlan.c:10299:6:is_uap_started	8	static
../wifi/wlcmgr/wlan.c:10304:6:is_sta_associated	8	static
../wifi/wlcmgr/wlan.c:10309:6:is_sta_connected	4	static
../wifi/wlcmgr/wlan.c:10314:6:is_sta_ipv4_connected	4	static
../wifi/wlcmgr/wlan.c:10320:6:is_sta_ipv6_connected	4	static
../wifi/wlcmgr/wlan.c:10326:5:wlan_get_network	24	static
../wifi/wlcmgr/wlan.c:10349:5:wlan_get_current_nf	4	static
../wifi/wlcmgr/wlan.c:10354:5:wlan_get_current_signal_strength	40	static
../wifi/wlcmgr/wlan.c:10364:5:wlan_get_average_signal_strength	40	static
../wifi/wlcmgr/wlan.c:10374:5:wlan_get_current_rssi	16	static
../wifi/wlcmgr/wlan.c:10381:5:wlan_get_network_byname	24	static
../wifi/wlcmgr/wlan.c:10402:5:wlan_set_network_ip_byname	24	static
../wifi/wlcmgr/wlan.c:10423:5:wlan_remove_all_network_profiles	16	static
../wifi/wlcmgr/wlan.c:10443:5:wlan_disconnect	8	static
../wifi/wlcmgr/wlan.c:10466:5:wlan_connect	32	static
../wifi/wlcmgr/wlan.c:10539:5:wlan_connect_opt	24	static
../wifi/wlcmgr/wlan.c:10556:5:wlan_reassociate	16	static
../wifi/wlcmgr/wlan.c:10611:5:wlan_start_network	24	static
../wifi/wlcmgr/wlan.c:10672:5:wlan_stop_network	24	static
../wifi/wlcmgr/wlan.c:10715:5:wlan_remove_all_networks	16	static
../wifi/wlcmgr/wlan.c:10740:6:wlan_destroy_all_tasks	8	static
../wifi/wlcmgr/wlan.c:10760:5:wlan_imu_get_task_lock	8	static
../wifi/wlcmgr/wlan.c:10765:5:wlan_imu_put_task_lock	8	static
../wifi/wlcmgr/wlan.c:10771:6:wlan_reset	16	static
../wifi/wlcmgr/wlan.c:10939:13:wlcmgr_mon_task	32	static
../wifi/wlcmgr/wlan.c:11052:5:wlan_get_scan_result	24	static
../wifi/wlcmgr/wlan.c:11206:6:wlan_set_cal_data	16	static
../wifi/wlcmgr/wlan.c:11214:5:wlan_set_mac_addr	24	static
../wifi/wlcmgr/wlan.c:11259:5:wlan_set_uap_mac_addr	16	static
../wifi/wlcmgr/wlan.c:11299:5:wlan_set_sta_mac_addr	16	static
../wifi/wlcmgr/wlan.c:11336:5:wlan_scan	232	static
../wifi/wlcmgr/wlan.c:11351:12:wlan_pscan	240	static
../wifi/wlcmgr/wlan.c:11388:5:wlan_scan_with_opt	24	static
../wifi/wlcmgr/wlan.c:11480:5:wlan_get_connection_state	24	static
../wifi/wlcmgr/wlan.c:11534:5:wlan_get_ps_mode	16	static
../wifi/wlcmgr/wlan.c:11586:5:wlan_get_ps_mode_cfg	16	static
../wifi/wlcmgr/wlan.c:11602:5:wlan_get_uap_connection_state	24	static
../wifi/wlcmgr/wlan.c:11635:5:wlan_get_address	24	static
../wifi/wlcmgr/wlan.c:11676:5:wlan_get_uap_address	24	static
../wifi/wlcmgr/wlan.c:11700:5:wlan_get_uap_channel	16	static
../wifi/wlcmgr/wlan.c:11734:5:wlan_get_mac_address	16	static
../wifi/wlcmgr/wlan.c:11743:5:wlan_get_mac_address_uap	16	static
../wifi/wlcmgr/wlan.c:11767:6:wlan_wake_up_card	16	static
../wifi/wlcmgr/wlan.c:11774:5:wlan_set_ieeeps_cfg	16	static
../wifi/wlcmgr/wlan.c:11781:6:wlan_configure_listen_interval	16	static
../wifi/wlcmgr/wlan.c:11786:6:wlan_configure_delay_to_ps	16	static
../wifi/wlcmgr/wlan.c:11791:6:wlan_configure_idle_time	16	static
../wifi/wlcmgr/wlan.c:11796:14:wlan_get_idle_time	8	static
../wifi/wlcmgr/wlan.c:11801:16:wlan_get_listen_interval	8	static
../wifi/wlcmgr/wlan.c:11806:14:wlan_get_delay_to_ps	8	static
../wifi/wlcmgr/wlan.c:11811:6:wlan_is_power_save_enabled	4	static
../wifi/wlcmgr/wlan.c:11825:6:wlan_configure_null_pkt_interval	16	static
../wifi/wlcmgr/wlan.c:11830:5:wlan_ieeeps_on	24	static
../wifi/wlcmgr/wlan.c:11864:5:wlan_ieeeps_off	8	static
../wifi/wlcmgr/wlan.c:11920:5:wlan_deepsleepps_on	16	static
../wifi/wlcmgr/wlan.c:11938:5:wlan_deepsleepps_off	8	static
../wifi/wlcmgr/wlan.c:12005:5:wlan_set_antcfg	24	static
../wifi/wlcmgr/wlan.c:12017:5:wlan_get_antcfg	32	static
../wifi/wlcmgr/wlan.c:12031:5:wlan_wlcmgr_send_msg	24	static
../wifi/wlcmgr/wlan.c:12055:5:load_wep_key	32	static
../wifi/wlcmgr/wlan.c:12096:5:get_split_scan_delay_ms	4	static
../wifi/wlcmgr/wlan.c:12101:7:wlan_get_firmware_version_ext	4	static
../wifi/wlcmgr/wlan.c:12106:14:wlan_get_uap_supported_max_clients	4	static
../wifi/wlcmgr/wlan.c:12111:5:wlan_get_uap_max_clients	16	static
../wifi/wlcmgr/wlan.c:12120:5:wlan_set_uap_max_clients	24	static
../wifi/wlcmgr/wlan.c:12163:5:wlan_get_mgmt_ie	24	static
../wifi/wlcmgr/wlan.c:12168:5:wlan_set_mgmt_ie	24	static
../wifi/wlcmgr/wlan.c:12185:5:wlan_clear_mgmt_ie	16	static
../wifi/wlcmgr/wlan.c:12190:5:wlan_set_txbfcap	16	static
../wifi/wlcmgr/wlan.c:12195:5:wlan_set_htcapinfo	16	static
../wifi/wlcmgr/wlan.c:12200:5:wlan_set_httxcfg	16	static
../wifi/wlcmgr/wlan.c:12205:5:wlan_set_txratecfg	56	static
../wifi/wlcmgr/wlan.c:12210:5:wlan_get_txratecfg	24	static
../wifi/wlcmgr/wlan.c:12231:5:wlan_set_sta_tx_power	16	static
../wifi/wlcmgr/wlan.c:12236:5:wlan_get_sta_tx_power	16	static
../wifi/wlcmgr/wlan.c:12242:5:wlan_set_region_power_cfg	16	static
../wifi/wlcmgr/wlan.c:12248:5:wlan_set_chanlist_and_txpwrlimit	24	static
../wifi/wlcmgr/wlan.c:12268:5:wlan_set_chanlist	16	static
../wifi/wlcmgr/wlan.c:12278:5:wlan_get_chanlist	16	static
../wifi/wlcmgr/wlan.c:12288:5:wlan_set_txpwrlimit	16	static
../wifi/wlcmgr/wlan.c:12298:5:wlan_get_txpwrlimit	16	static
../wifi/wlcmgr/wlan.c:12322:6:wlan_set_reassoc_control	16	static
../wifi/wlcmgr/wlan.c:12328:5:wlan_set_ed_mac_mode	16	static
../wifi/wlcmgr/wlan.c:12333:5:wlan_get_ed_mac_mode	16	static
../wifi/wlcmgr/wlan.c:12338:5:wlan_set_uap_ed_mac_mode	16	static
../wifi/wlcmgr/wlan.c:12343:5:wlan_get_uap_ed_mac_mode	16	static
../wifi/wlcmgr/wlan.c:12348:6:wlan_get_11d_enable_status	8	static
../wifi/wlcmgr/wlan.c:12353:5:wlan_remain_on_channel	32	static
../wifi/wlcmgr/wlan.c:12378:5:wlan_get_otp_user_data	16	static
../wifi/wlcmgr/wlan.c:12389:5:wlan_get_log	16	static
../wifi/wlcmgr/wlan.c:12397:5:wlan_uap_get_log	16	static
../wifi/wlcmgr/wlan.c:12405:5:wlan_get_stats	16	static
../wifi/wlcmgr/wlan.c:12413:5:wlan_reset_stats	16	static
../wifi/wlcmgr/wlan.c:12419:5:wlan_get_cal_data	16	static
../wifi/wlcmgr/wlan.c:12457:5:wlan_get_tsf	16	static
../wifi/wlcmgr/wlan.c:12462:5:wlan_tcp_keep_alive	24	static
../wifi/wlcmgr/wlan.c:12613:10:wlan_get_beacon_period	16	static
../wifi/wlcmgr/wlan.c:12636:12:pscan_cb	136	static
../wifi/wlcmgr/wlan.c:12668:9:wlan_get_dtim_period	16	static
../wifi/wlcmgr/wlan.c:12698:5:wlan_get_data_rate	16	static
../wifi/wlcmgr/wlan.c:12703:12:wlan_set_pmfcfg	16	static
../wifi/wlcmgr/wlan.c:12713:5:wlan_get_pmfcfg	16	static
../wifi/wlcmgr/wlan.c:12718:5:wlan_uap_get_pmfcfg	16	static
../wifi/wlcmgr/wlan.c:12730:5:wlan_set_packet_filters	16	static
../wifi/wlcmgr/wlan.c:12963:5:wlan_get_current_bssid	24	static
../wifi/wlcmgr/wlan.c:12987:9:wlan_get_current_channel	16	static
../wifi/wlcmgr/wlan.c:13006:6:wlan_sta_ampdu_tx_enable	8	static
../wifi/wlcmgr/wlan.c:13011:6:wlan_sta_ampdu_tx_disable	8	static
../wifi/wlcmgr/wlan.c:13016:6:wlan_sta_ampdu_rx_enable	8	static
../wifi/wlcmgr/wlan.c:13021:6:wlan_sta_ampdu_rx_disable	8	static
../wifi/wlcmgr/wlan.c:13026:6:wlan_uap_ampdu_tx_enable	8	static
../wifi/wlcmgr/wlan.c:13031:6:wlan_uap_ampdu_tx_disable	8	static
../wifi/wlcmgr/wlan.c:13036:6:wlan_uap_ampdu_rx_enable	8	static
../wifi/wlcmgr/wlan.c:13041:6:wlan_uap_ampdu_rx_disable	8	static
../wifi/wlcmgr/wlan.c:13047:6:wlan_uap_set_scan_chan_list	8	static
../wifi/wlcmgr/wlan.c:13055:6:wlan_uap_set_beacon_period	16	static
../wifi/wlcmgr/wlan.c:13070:5:wlan_uap_set_bandwidth	16	static
../wifi/wlcmgr/wlan.c:13091:5:wlan_uap_get_bandwidth	16	static
../wifi/wlcmgr/wlan.c:13112:5:wlan_uap_set_hidden_ssid	16	static
../wifi/wlcmgr/wlan.c:13142:6:wlan_uap_ctrl_deauth	16	static
../wifi/wlcmgr/wlan.c:13149:6:wlan_uap_set_ecsa	8	static
../wifi/wlcmgr/wlan.c:13156:6:wlan_uap_set_htcapinfo	16	static
../wifi/wlcmgr/wlan.c:13163:6:wlan_uap_set_httxcfg	16	static
../wifi/wlcmgr/wlan.c:13172:5:wlan_set_rts	16	static
../wifi/wlcmgr/wlan.c:13177:5:wlan_set_uap_rts	16	static
../wifi/wlcmgr/wlan.c:13184:5:wlan_set_frag	16	static
../wifi/wlcmgr/wlan.c:13189:5:wlan_set_uap_frag	16	static
../wifi/wlcmgr/wlan.c:13196:5:_wlan_rrm_scan_cb	48	static
../wifi/wlcmgr/wlan.c:13286:6:wlan_rrm_request_scan	416	static
../wifi/wlcmgr/wlan.c:13357:6:wlan_set_scan_channel_gap	16	static
../wifi/wlcmgr/wlan.c:13365:5:wlan_host_11k_cfg	16	static
../wifi/wlcmgr/wlan.c:13375:6:wlan_get_host_11k_status	4	static
../wifi/wlcmgr/wlan.c:13380:5:wlan_host_11k_neighbor_req	24	static
../wifi/wlcmgr/wlan.c:13408:5:wlan_host_11v_bss_trans_query	24	static
../wifi/wlcmgr/wlan.c:13438:5:wlan_host_mbo_cfg	16	static
../wifi/wlcmgr/wlan.c:13443:5:wlan_mbo_peferch_cfg	40	static
../wifi/wlcmgr/wlan.c:13581:6:wlan_version_extended	16	static
../wifi/wlcmgr/wlan.c:13606:6:wlan_set_txrx_histogram	24	static
../wifi/wlcmgr/wlan.c:13618:5:wlan_set_roaming	16	static
../wifi/wlcmgr/wlan.c:13635:5:wlan_get_roaming_status	4	static
../wifi/wlcmgr/wlan.c:13870:6:wlan_wmm_tx_stats_dump	16	static
../wifi/wlcmgr/wlan.c:13876:5:wlan_send_hostcmd	32	static
../wifi/wlcmgr/wlan.c:13892:5:wlan_enable_disable_htc	88	static
../wifi/wlcmgr/wlan.c:13956:5:wlan_set_11ax_tx_omi	24	static
../wifi/wlcmgr/wlan.c:13996:5:wlan_set_11ax_tol_time	16	static
../wifi/wlcmgr/wlan.c:14014:5:wlan_set_11ax_rutxpowerlimit	16	static
../wifi/wlcmgr/wlan.c:14025:5:wlan_set_11ax_rutxpowerlimit_legacy	16	static
../wifi/wlcmgr/wlan.c:14035:5:wlan_get_11ax_rutxpowerlimit_legacy	16	static
../wifi/wlcmgr/wlan.c:14060:5:wlan_set_11ax_cfg	16	static
../wifi/wlcmgr/wlan.c:14065:21:wlan_get_11ax_cfg	4	static
../wifi/wlcmgr/wlan.c:14071:5:wlan_set_btwt_cfg	16	static
../wifi/wlcmgr/wlan.c:14076:5:wlan_get_btwt_cfg	16	static
../wifi/wlcmgr/wlan.c:14100:5:wlan_set_twt_setup_cfg	16	static
../wifi/wlcmgr/wlan.c:14112:27:wlan_get_twt_setup_cfg	4	static
../wifi/wlcmgr/wlan.c:14120:5:wlan_set_twt_teardown_cfg	16	static
../wifi/wlcmgr/wlan.c:14125:30:wlan_get_twt_teardown_cfg	4	static
../wifi/wlcmgr/wlan.c:14130:5:wlan_get_twt_report	16	static
../wifi/wlcmgr/wlan.c:14135:5:wlan_twt_information	16	static
../wifi/wlcmgr/wlan.c:14143:5:wlan_get_tsf_info	16	static
../wifi/wlcmgr/wlan.c:14147:5:wlan_set_clocksync_cfg	16	static
../wifi/wlcmgr/wlan.c:14154:5:wlan_set_crypto_RC4_encrypt	160	static
../wifi/wlcmgr/wlan.c:14190:5:wlan_set_crypto_RC4_decrypt	160	static
../wifi/wlcmgr/wlan.c:14226:5:wlan_set_crypto_AES_ECB_encrypt	160	static
../wifi/wlcmgr/wlan.c:14262:5:wlan_set_crypto_AES_ECB_decrypt	160	static
../wifi/wlcmgr/wlan.c:14298:5:wlan_set_crypto_AES_WRAP_encrypt	160	static
../wifi/wlcmgr/wlan.c:14335:5:wlan_set_crypto_AES_WRAP_decrypt	160	static
../wifi/wlcmgr/wlan.c:14371:5:wlan_set_crypto_AES_CCMP_encrypt	160	static
../wifi/wlcmgr/wlan.c:14424:5:wlan_set_crypto_AES_CCMP_decrypt	160	static
../wifi/wlcmgr/wlan.c:14478:5:wlan_set_crypto_AES_GCMP_encrypt	160	static
../wifi/wlcmgr/wlan.c:14525:5:wlan_set_crypto_AES_GCMP_decrypt	160	static
../wifi/wlcmgr/wlan.c:14619:5:wlan_uap_set_ecsa_cfg	40	static
../wifi/wlcmgr/wlan.c:14632:5:wlan_set_mmsf	16	static
../wifi/wlcmgr/wlan.c:14637:5:wlan_get_mmsf	24	static
../wifi/wlcmgr/wlan.c:14652:5:wlan_channel_load	16	static
../wifi/wlcmgr/wlan.c:14657:5:wlan_get_channel_load	16	static
../wifi/wlcmgr/wlan.c:14673:5:wlan_set_subscribe_event	32	static
../wifi/wlcmgr/wlan.c:14718:5:wlan_get_subscribe_event	64	static
../wifi/wlcmgr/wlan.c:14728:5:wlan_clear_subscribe_event	24	static
../wifi/wlcmgr/wlan.c:14777:5:wlan_set_threshold_link_quality	40	static
../wifi/wlcmgr/wlan.c:14793:5:wlan_reg_access	24	static
../wifi/wlcmgr/wlan.c:14802:5:wlan_wmm_uapsd_qosinfo	24	static
../wifi/wlcmgr/wlan.c:14813:5:wlan_set_wmm_uapsd	32	static
../wifi/wlcmgr/wlan.c:14843:5:wlan_sleep_period	24	static
../wifi/wlcmgr/wlan.c:14854:6:wlan_is_wmm_uapsd_enabled	4	static
../wifi/wlcmgr/wlan.c:14861:5:wlan_tx_ampdu_prot_mode	16	static
../wifi/wlcmgr/wlan.c:15185:28:wlan_get_csi_cfg_param_default	4	static
../wifi/wlcmgr/wlan.c:15190:5:wlan_set_csi_cfg_param_default	16	static
../wifi/wlcmgr/wlan.c:15201:6:wlan_reset_csi_filter_data	8	static
../wifi/wlcmgr/wlan.c:15206:5:wlan_register_csi_user_callback	16	static
../wifi/wlcmgr/wlan.c:15211:5:wlan_unregister_csi_user_callback	8	static
../wifi/wlcmgr/wlan.c:15216:5:wlan_csi_cfg	24	static
../wifi/wlcmgr/wlan.c:15236:6:wlan_set_rssi_low_threshold	16	static
../wifi/wlcmgr/wlan.c:15817:6:wlan_register_monitor_user_callback	16	static
../wifi/wlcmgr/wlan.c:15822:6:wlan_deregister_net_monitor_user_callback	8	static
../wifi/wlcmgr/wlan.c:15827:5:wlan_net_monitor_cfg	24	static
../wifi/wlcmgr/wlan.c:15844:5:wlan_mgmtframe_tx_cfg	24	static
../wifi/wlcmgr/wlan.c:15870:5:wlan_get_tsp_cfg	64	static
../wifi/wlcmgr/wlan.c:15885:5:wlan_set_tsp_cfg	72	static
../wifi/wlcmgr/wlan.c:15901:5:wlan_get_signal_info	16	static
../wifi/wlcmgr/wlan.c:15907:5:wlan_set_bandcfg	16	static
../wifi/wlcmgr/wlan.c:15912:5:wlan_get_bandcfg	16	static
../wifi/wlcmgr/wlan.c:15939:6:wlan_set_ps_cfg	32	static
../wifi/wlcmgr/wlan.c:15950:5:wlan_set_ips	16	static
../wifi/wlcmgr/wlan.c:15956:5:wlan_set_country_code	32	static
../wifi/wlcmgr/wlan.c:16032:5:wlan_set_country_ie_ignore	16	static
../wifi/wlcmgr/wlan.c:16037:5:wlan_set_region_code	24	static
../wifi/wlcmgr/wlan.c:16058:5:wlan_get_region_code	16	static
../wifi/wlcmgr/wlan.c:16063:5:wlan_set_11d_state	16	static
../wifi/wlcmgr/wlan.c:16085:5:wlan_single_ant_duty_cycle	16	static
../wifi/wlcmgr/wlan.c:16090:5:wlan_dual_ant_duty_cycle	24	static
../wifi/wlcmgr/wlan.c:16097:5:wlan_external_coex_pta_cfg	24	static
../wifi/wlcmgr/wlan.c:16488:5:wlan_sta_inactivityto	16	static
../wifi/wlcmgr/wlan.c:16699:5:wlan_auto_null_tx	16	static
../wifi/wlcmgr/wlan.c:16710:7:wlan_get_status_code	24	static
../wifi/wlcmgr/wlan.c:16743:9:wlan_get_temperature	8	static
../wifi/wlcmgr/wlan.c:16749:7:wlan_string_dup	24	static
../wifi/wlcmgr/wlan.c:16757:10:wlan_get_board_type	16	static
../wifi/wlcmgr/wlan.c:16769:5:wlan_uap_disconnect_sta	24	static
../wifi/wlcmgr/wlan.c:16790:5:wlan_11n_allowed	32	static
../wifi/wlcmgr/wlan.c:16817:5:wlan_11ac_allowed	32	static
../wifi/wlcmgr/wlan.c:16845:5:wlan_11ax_allowed	32	static
