/Users/miguelvladimirvargassanchez/Documents/MCUXpressoIDE_25.6.136/workspace/612_wifi_webconfig/wifi/incl/wlcmgr/wlan.h:5123:20:print_mac	40	static
/Users/miguelvladimirvargassanchez/Documents/MCUXpressoIDE_25.6.136/workspace/612_wifi_webconfig/wifi/wifidriver/incl/mlan_util.h:108:33:util_peek_list	32	static
/Users/miguelvladimirvargassanchez/Documents/MCUXpressoIDE_25.6.136/workspace/612_wifi_webconfig/wifi/wifidriver/incl/mlan_wmm.h:73:22:wlan_request_ralist_lock	16	static
/Users/miguelvladimirvargassanchez/Documents/MCUXpressoIDE_25.6.136/workspace/612_wifi_webconfig/wifi/wifidriver/incl/mlan_wmm.h:91:22:wlan_release_ralist_lock	16	static
../wifi/wifidriver/mlan_glue.c:168:14:wifi_11n_save_request	24	static
../wifi/wifidriver/mlan_glue.c:187:6:wrapper_deliver_amsdu_subframe	32	static
../wifi/wifidriver/mlan_glue.c:196:20:wrapper_moal_recv_packet	24	static
../wifi/wifidriver/mlan_glue.c:237:9:wrapper_moal_memcpy_ext	32	static
../wifi/wifidriver/mlan_glue.c:247:20:wrapper_moal_init_timer	40	static
../wifi/wifidriver/mlan_glue.c:285:20:wrapper_moal_start_timer	32	static
../wifi/wifidriver/mlan_glue.c:318:20:wrapper_moal_reset_timer	24	static
../wifi/wifidriver/mlan_glue.c:333:20:wrapper_moal_stop_timer	24	static
../wifi/wifidriver/mlan_glue.c:348:20:wrapper_moal_free_timer	24	static
../wifi/wifidriver/mlan_glue.c:362:20:wrapper_moal_init_lock	16	static
../wifi/wifidriver/mlan_glue.c:371:20:wrapper_moal_free_lock	16	static
../wifi/wifidriver/mlan_glue.c:380:20:wrapper_moal_spin_lock	16	static
../wifi/wifidriver/mlan_glue.c:389:20:wrapper_moal_spin_unlock	16	static
../wifi/wifidriver/mlan_glue.c:399:20:wrapper_moal_init_semaphore	24	static
../wifi/wifidriver/mlan_glue.c:411:20:wrapper_moal_free_semaphore	16	static
../wifi/wifidriver/mlan_glue.c:422:20:wrapper_moal_semaphore_get	16	static
../wifi/wifidriver/mlan_glue.c:433:20:wrapper_moal_semaphore_put	16	static
../wifi/wifidriver/mlan_glue.c:465:5:mlan_subsys_init	8	static
../wifi/wifidriver/mlan_glue.c:517:5:mlan_subsys_deinit	8	static
../wifi/wifidriver/mlan_glue.c:529:5:wrapper_wlan_cmd_11n_addba_rspgen	24	static
../wifi/wifidriver/mlan_glue.c:577:5:wrapper_wlan_cmd_11n_ba_stream_timeout	24	static
../wifi/wifidriver/mlan_glue.c:592:5:wrapper_wlan_cmd_11n_delba_rspgen	24	static
../wifi/wifidriver/mlan_glue.c:608:6:wrapper_wlan_update_uap_rxrate_info	24	static
../wifi/wifidriver/mlan_glue.c:620:5:wrapper_wlan_uap_ampdu_enable	32	static
../wifi/wifidriver/mlan_glue.c:697:20:do_wlan_ret_11n_addba_resp	32	static
../wifi/wifidriver/mlan_glue.c:715:20:do_wlan_ret_11n_addba_req	32	static
../wifi/wifidriver/mlan_glue.c:787:20:do_wlan_ret_11n_delba	32	static
../wifi/wifidriver/mlan_glue.c:809:5:wrapper_wlan_sta_ampdu_enable	40	static
../wifi/wifidriver/mlan_glue.c:908:5:wrapper_wlan_11d_enable	40	static
../wifi/wifidriver/mlan_glue.c:925:5:wrapper_wlan_uap_11d_enable	40	static
../wifi/wifidriver/mlan_glue.c:942:5:wifi_11h_enable	32	static
../wifi/wifidriver/mlan_glue.c:959:5:wrapper_wlan_ecsa_enable	32	static
../wifi/wifidriver/mlan_glue.c:983:5:wrapper_wlan_cmd_get_hw_spec	16	static
../wifi/wifidriver/mlan_glue.c:995:13:wrapper_wlan_cmd_mgmt_ie	1184	static
../wifi/wifidriver/mlan_glue.c:1033:5:wrapper_wlan_handle_rx_packet	32	static
../wifi/wifidriver/mlan_glue.c:1149:6:register_monitor_user_callback	16	static
../wifi/wifidriver/mlan_glue.c:1154:6:deregister_monitor_user_callback	4	static
../wifi/wifidriver/mlan_glue.c:1159:6:set_monitor_flag	16	static
../wifi/wifidriver/mlan_glue.c:1164:6:get_monitor_flag	4	static
../wifi/wifidriver/mlan_glue.c:1169:6:user_recv_monitor_data	32	static
../wifi/wifidriver/mlan_glue.c:1212:6:wrapper_wlan_cmd_11n_cfg	24	static
../wifi/wifidriver/mlan_glue.c:1228:6:set_event_chanswann	4	static
../wifi/wifidriver/mlan_glue.c:1233:6:clear_event_chanswann	4	static
../wifi/wifidriver/mlan_glue.c:1238:6:wrapper_wlan_11d_clear_parsedtable	16	static
../wifi/wifidriver/mlan_glue.c:1257:6:wrapper_clear_media_connected_event	16	static
../wifi/wifidriver/mlan_glue.c:1263:13:wifi_prepare_and_send_cmd	56	static
../wifi/wifidriver/mlan_glue.c:1315:6:wmsdk_is_11N_enabled	4	static
../wifi/wifidriver/mlan_glue.c:1324:18:wifi_send_bss_ioctl	56	static
../wifi/wifidriver/mlan_glue.c:1349:5:wrapper_get_wpa_ie_in_assoc	24	static
../wifi/wifidriver/mlan_glue.c:1359:12:wifi_send_11n_cfg_ioctl	56	static
../wifi/wifidriver/mlan_glue.c:1380:12:wifi_send_uap_11n_cfg_ioctl	56	static
../wifi/wifidriver/mlan_glue.c:1401:5:wifi_set_txbfcap	40	static
../wifi/wifidriver/mlan_glue.c:1413:5:wifi_set_htcapinfo	40	static
../wifi/wifidriver/mlan_glue.c:1430:5:wifi_set_httxcfg	40	static
../wifi/wifidriver/mlan_glue.c:1447:5:wifi_uap_set_httxcfg_int	40	static
../wifi/wifidriver/mlan_glue.c:1465:12:wifi_send_tx_power_cfg_ioctl	56	static
../wifi/wifidriver/mlan_glue.c:1486:5:wifi_set_tx_power	536	static
../wifi/wifidriver/mlan_glue.c:1499:5:wifi_set_tx_power_ext	536	static
../wifi/wifidriver/mlan_glue.c:1512:5:wifi_get_tx_power	576	static
../wifi/wifidriver/mlan_glue.c:1535:12:wifi_send_tx_rate_cfg_ioctl	56	static
../wifi/wifidriver/mlan_glue.c:1581:5:wifi_set_txratecfg	88	static
../wifi/wifidriver/mlan_glue.c:1629:5:wifi_get_txratecfg	104	static
../wifi/wifidriver/mlan_glue.c:1664:7:wifi_get_ie	48	static
../wifi/wifidriver/mlan_glue.c:1709:6:wifi_io_dump_hex	16	static
../wifi/wifidriver/mlan_glue.c:1717:5:wlan_set_uap_coutry_regd_by_conn_bss	96	static
../wifi/wifidriver/mlan_glue.c:1902:6:wrapper_wlan_11d_support_is_enabled	16	static
../wifi/wifidriver/mlan_glue.c:1929:14:wifi_rsn_to_key_map	32	static
../wifi/wifidriver/mlan_glue.c:1985:13:wifi_assoc_clear_rsn_sae_suite	32	static
../wifi/wifidriver/mlan_glue.c:2015:13:wifi_assoc_rsno_2_rsn	32	static
../wifi/wifidriver/mlan_glue.c:2036:12:wifi_assoc_pick_security_ie	40	static
../wifi/wifidriver/mlan_glue.c:2185:5:wrapper_wifi_assoc	1176	static
../wifi/wifidriver/mlan_glue.c:3004:13:compute_rssi_values	16	static
../wifi/wifidriver/mlan_glue.c:3025:13:wifi_set_hostcmd_resp	24	static
../wifi/wifidriver/mlan_glue.c:3047:13:load_bss_list	40	static
../wifi/wifidriver/mlan_glue.c:3107:13:load_ver_ext	24	static
../wifi/wifidriver/mlan_glue.c:3123:5:wifi_process_cmd_response	400	static
../wifi/wifidriver/mlan_glue.c:4989:7:wlan_get_specific_ie	40	static
../wifi/wifidriver/mlan_glue.c:5057:13:wrapper_wlan_check_sta_capability	80	static
../wifi/wifidriver/mlan_glue.c:5192:13:wrapper_wlan_check_uap_capability	32	static
../wifi/wifidriver/mlan_glue.c:5293:20:wifi_wmm_queue_lock	16	static
../wifi/wifidriver/mlan_glue.c:5298:20:wifi_wmm_queue_unlock	16	static
../wifi/wifidriver/mlan_glue.c:5303:20:wifi_wmm_trigger_tx	16	static
../wifi/wifidriver/mlan_glue.c:5311:6:wifi_sta_handle_event_data_pause	48	static
../wifi/wifidriver/mlan_glue.c:5359:6:wifi_uap_handle_event_data_pause	32	static
../wifi/wifidriver/mlan_glue.c:5393:6:wifi_handle_event_data_pause	48	static
../wifi/wifidriver/mlan_glue.c:5484:13:wifi_handle_event_tx_status_report	16	static
../wifi/wifidriver/mlan_glue.c:5507:13:wifi_handle_blocked_sta_report	32	static
../wifi/wifidriver/mlan_glue.c:5553:5:wifi_request_bgscan	40	static
../wifi/wifidriver/mlan_glue.c:5567:5:wifi_set_rssi_low_threshold	80	static
../wifi/wifidriver/mlan_glue.c:5593:5:wifi_request_bgscan_query	40	static
../wifi/wifidriver/mlan_glue.c:5605:5:wifi_config_bgscan_and_rssi	32	static
../wifi/wifidriver/mlan_glue.c:5668:13:wifi_stop_bgscan	16	static
../wifi/wifidriver/mlan_glue.c:5684:5:wifi_handle_fw_event	96	static
../wifi/wifidriver/mlan_glue.c:6493:13:process_rsn_ie	80	static
../wifi/wifidriver/mlan_glue.c:6693:13:process_wpa_ie	72	static
../wifi/wifidriver/mlan_glue.c:6826:5:wrapper_bssdesc_first_set	40	static
../wifi/wifidriver/mlan_glue.c:6979:5:wrapper_bssdesc_second_set	32	static
../wifi/wifidriver/mlan_glue.c:7135:5:wifi_get_scan_result_count	16	static
../wifi/wifidriver/mlan_glue.c:7146:5:wrapper_wlan_set_regiontable	24	static
../wifi/wifidriver/mlan_glue.c:7161:6:wifi_scan_process_results	16	static
../wifi/wifidriver/mlan_glue.c:7191:6:check_for_wpa2_entp_ie	32	static
../wifi/wifidriver/mlan_glue.c:7238:6:wifi_get_value1_from_cmdresp	16	static
../wifi/wifidriver/mlan_glue.c:7249:6:wifi_get_mac_address_from_cmdresp	16	static
../wifi/wifidriver/mlan_glue.c:7254:6:wifi_get_firmware_ver_ext_from_cmdresp	40	static
../wifi/wifidriver/mlan_glue.c:7314:6:wifi_prepare_set_cal_data_cmd	16	static
../wifi/wifidriver/mlan_glue.c:7338:5:wifi_set_region_power_cfg	40	static
../wifi/wifidriver/mlan_glue.c:7355:6:wifi_prepare_get_hw_spec_cmd	16	static
../wifi/wifidriver/mlan_glue.c:7363:6:wifi_prepare_reconfigure_tx_buf_cmd	16	static
../wifi/wifidriver/mlan_glue.c:7377:6:wifi_prepare_get_mac_addr_cmd	16	static
../wifi/wifidriver/mlan_glue.c:7386:6:wifi_prepare_get_fw_ver_ext_cmd	24	static
../wifi/wifidriver/mlan_glue.c:7395:6:wifi_prepare_get_value1	16	static
../wifi/wifidriver/mlan_glue.c:7407:6:wifi_prepare_set_mac_addr_cmd	16	static
../wifi/wifidriver/mlan_glue.c:7429:6:wifi_prepare_enable_amsdu_cmd	16	static
../wifi/wifidriver/mlan_glue.c:7454:6:wlan_prepare_mac_control_cmd	16	static
../wifi/wifidriver/mlan_glue.c:7471:6:wifi_set_cal_data	16	static
../wifi/wifidriver/mlan_glue.c:7478:6:wifi_set_mac_addr	16	static
../wifi/wifidriver/mlan_glue.c:7484:6:_wifi_set_mac_addr	40	static
../wifi/wifidriver/mlan_glue.c:7538:6:wifi_check_no_packet_indication	16	static
../wifi/wifidriver/mlan_glue.c:7553:6:wifi_check_last_packet_indication	16	static
../wifi/wifidriver/mlan_glue.c:7561:6:wifi_exit_uapsd_mode	16	static
../wifi/wifidriver/mlan_glue.c:7571:5:wifi_wmm_qos_cfg	400	static
../wifi/wifidriver/mlan_glue.c:7597:5:wifi_sleep_period	120	static
../wifi/wifidriver/mlan_glue.c:7689:5:wifi_set_txrx_histogram	48	static
../wifi/wifidriver/mlan_glue.c:7718:5:wifi_set_get_rx_abort_cfg	40	static
../wifi/wifidriver/mlan_glue.c:7731:5:wifi_set_get_rx_abort_cfg_ext	40	static
../wifi/wifidriver/mlan_glue.c:7746:5:wifi_set_get_cck_desense_cfg	40	static
../wifi/wifidriver/mlan_glue.c:7767:5:wifi_config_roaming	24	static
../wifi/wifidriver/mlan_glue.c:7797:5:wifi_set_11ax_tx_omi	88	static
../wifi/wifidriver/mlan_glue.c:7843:5:wifi_set_11ax_tol_time	80	static
../wifi/wifidriver/mlan_glue.c:7869:5:wifi_set_11ax_rutxpowerlimit	40	static
../wifi/wifidriver/mlan_glue.c:7907:5:wifi_set_11ax_rutxpowerlimit_legacy	48	static
../wifi/wifidriver/mlan_glue.c:7948:5:wifi_get_11ax_rutxpowerlimit_legacy	32	static
../wifi/wifidriver/mlan_glue.c:7972:5:wifi_set_11ax_cfg	32	static
../wifi/wifidriver/mlan_glue.c:7981:5:wifi_set_btwt_cfg	112	static
../wifi/wifidriver/mlan_glue.c:8016:5:wifi_get_btwt_cfg	112	static
../wifi/wifidriver/mlan_glue.c:8041:5:wifi_set_twt_setup_cfg	120	static
../wifi/wifidriver/mlan_glue.c:8089:5:wifi_set_twt_teardown_cfg	104	static
../wifi/wifidriver/mlan_glue.c:8108:5:wifi_get_twt_report	104	static
../wifi/wifidriver/mlan_glue.c:8126:5:wifi_twt_information	112	static
../wifi/wifidriver/mlan_glue.c:8173:5:wifi_set_clocksync_cfg	64	static
../wifi/wifidriver/mlan_glue.c:8225:5:wifi_get_tsf_info	64	static
../wifi/wifidriver/mlan_glue.c:8274:13:wifi_wmm_tx_stats_dump_ralist	48	static
../wifi/wifidriver/mlan_glue.c:8288:6:wifi_wmm_tx_stats_dump	40	static
../wifi/wifidriver/mlan_glue.c:8544:5:wifi_subscribe_event_submit	40	static
../wifi/wifidriver/mlan_glue.c:8578:5:wifi_get_subscribe_event	16	static
../wifi/wifidriver/mlan_glue.c:8596:5:wifi_clear_subscribe_event	56	static
../wifi/wifidriver/mlan_glue.c:8607:5:wifi_set_threshold_rssi_low	64	static
../wifi/wifidriver/mlan_glue.c:8618:5:wifi_set_threshold_rssi_high	64	static
../wifi/wifidriver/mlan_glue.c:8629:5:wifi_set_threshold_snr_low	64	static
../wifi/wifidriver/mlan_glue.c:8641:5:wifi_set_threshold_snr_high	64	static
../wifi/wifidriver/mlan_glue.c:8652:5:wifi_set_threshold_max_fail	64	static
../wifi/wifidriver/mlan_glue.c:8664:5:wifi_set_threshold_beacon_miss	64	static
../wifi/wifidriver/mlan_glue.c:8676:5:wifi_set_threshold_data_rssi_low	64	static
../wifi/wifidriver/mlan_glue.c:8688:5:wifi_set_threshold_data_rssi_high	64	static
../wifi/wifidriver/mlan_glue.c:8700:5:wifi_set_threshold_data_snr_low	64	static
../wifi/wifidriver/mlan_glue.c:8712:5:wifi_set_threshold_data_snr_high	64	static
../wifi/wifidriver/mlan_glue.c:8724:5:wifi_set_threshold_link_quality	64	static
../wifi/wifidriver/mlan_glue.c:8744:5:wifi_set_threshold_pre_beacon_lost	64	static
../wifi/wifidriver/mlan_glue.c:8976:10:wifi_get_board_type	16	static
../wifi/wifidriver/mlan_glue.c:9003:6:wifi_cau_temperature_enable	16	static
../wifi/wifidriver/mlan_glue.c:9014:9:wifi_get_temperature	24	static
../wifi/wifidriver/mlan_glue.c:9048:5:wifi_cau_temperature_write_to_firmware	16	static
../wifi/wifidriver/mlan_glue.c:9057:6:wifi_pmip_v33_enable	16	static
