/Users/miguelvladimirvargassanchez/Documents/MCUXpressoIDE_25.6.136/workspace/612_wifi_webconfig/wifi/wifidriver/incl/mlan_util.h:51:22:util_init_list	16	static
/Users/miguelvladimirvargassanchez/Documents/MCUXpressoIDE_25.6.136/workspace/612_wifi_webconfig/wifi/wifidriver/incl/mlan_util.h:108:33:util_peek_list	32	static
/Users/miguelvladimirvargassanchez/Documents/MCUXpressoIDE_25.6.136/workspace/612_wifi_webconfig/wifi/wifidriver/incl/mlan_util.h:140:22:util_enqueue_list_tail	32	static
/Users/miguelvladimirvargassanchez/Documents/MCUXpressoIDE_25.6.136/workspace/612_wifi_webconfig/wifi/wifidriver/incl/mlan_util.h:206:22:util_unlink_list	32	static
/Users/miguelvladimirvargassanchez/Documents/MCUXpressoIDE_25.6.136/workspace/612_wifi_webconfig/wifi/wifidriver/incl/mlan_util.h:240:33:util_dequeue_list	40	static
/Users/miguelvladimirvargassanchez/Documents/MCUXpressoIDE_25.6.136/workspace/612_wifi_webconfig/wifi/wifidriver/incl/mlan_main.h:2987:13:queuing_ra_based	16	static
/Users/miguelvladimirvargassanchez/Documents/MCUXpressoIDE_25.6.136/workspace/612_wifi_webconfig/wifi/wifidriver/incl/mlan_wmm.h:73:22:wlan_request_ralist_lock	16	static
/Users/miguelvladimirvargassanchez/Documents/MCUXpressoIDE_25.6.136/workspace/612_wifi_webconfig/wifi/wifidriver/incl/mlan_wmm.h:91:22:wlan_release_ralist_lock	16	static
/Users/miguelvladimirvargassanchez/Documents/MCUXpressoIDE_25.6.136/workspace/612_wifi_webconfig/wifi/incl/port/net/wm_net.h:393:20:net_stack_buffer_free	16	static
/Users/miguelvladimirvargassanchez/Documents/MCUXpressoIDE_25.6.136/workspace/612_wifi_webconfig/wifi/incl/port/net/wm_net.h:411:19:net_stack_buffer_copy_partial	24	static
../wifi/wifidriver/mlan_11n_rxreorder.c:44:20:wlan_11n_dispatch_amsdu_pkt	24	static
../wifi/wifidriver/mlan_11n_rxreorder.c:101:20:wlan_11n_dispatch_pkt	32	static
../wifi/wifidriver/mlan_11n_rxreorder.c:144:13:mlan_11n_rxreorder_timer_restart	24	static
../wifi/wifidriver/mlan_11n_rxreorder.c:169:20:wlan_11n_dispatch_pkt_until_start_win	64	static
../wifi/wifidriver/mlan_11n_rxreorder.c:226:20:wlan_11n_free_rxreorder_pkt	32	static
../wifi/wifidriver/mlan_11n_rxreorder.c:274:15:wlan_11n_display_tbl_ptr	16	static
../wifi/wifidriver/mlan_11n_rxreorder.c:293:20:wlan_11n_scan_and_dispatch	56	static
../wifi/wifidriver/mlan_11n_rxreorder.c:349:15:wlan_11n_delete_rxreorder_tbl_entry	24	static
../wifi/wifidriver/mlan_11n_rxreorder.c:412:14:wlan_11n_find_last_seqnum	24	static
../wifi/wifidriver/mlan_11n_rxreorder.c:436:15:wlan_flush_data	24	static
../wifi/wifidriver/mlan_11n_rxreorder.c:483:15:wlan_11n_create_rxreorder_tbl	64	static
../wifi/wifidriver/mlan_11n_rxreorder.c:608:15:wlan_11n_get_rxreorder_tbl	32	static
../wifi/wifidriver/mlan_11n_rxreorder.c:647:13:wlan_cmd_11n_addba_req	32	static
../wifi/wifidriver/mlan_11n_rxreorder.c:675:13:wlan_cmd_11n_addba_rspgen	48	static
../wifi/wifidriver/mlan_11n_rxreorder.c:749:13:wlan_cmd_11n_uap_addba_rspgen	48	static
../wifi/wifidriver/mlan_11n_rxreorder.c:824:13:wlan_cmd_11n_delba	32	static
../wifi/wifidriver/mlan_11n_rxreorder.c:971:13:mlan_11n_rxreorder_pkt	88	static
../wifi/wifidriver/mlan_11n_rxreorder.c:1199:6:mlan_11n_update_bastream_tbl	40	static
../wifi/wifidriver/mlan_11n_rxreorder.c:1260:13:wlan_ret_11n_addba_resp	32	static
../wifi/wifidriver/mlan_11n_rxreorder.c:1321:6:wlan_11n_ba_stream_timeout	40	static
../wifi/wifidriver/mlan_11n_rxreorder.c:1348:6:wlan_11n_cleanup_reorder_tbl	24	static
../wifi/wifidriver/mlan_11n_rxreorder.c:1374:6:wlan_cleanup_reorder_tbl	24	static
../wifi/wifidriver/mlan_11n_rxreorder.c:1398:13:wlan_set_rxreorder_tbl_no_drop_flag	24	static
../wifi/wifidriver/mlan_11n_rxreorder.c:1429:6:wlan_update_rxreorder_tbl	24	static
