/Users/miguelvladimirvargassanchez/Documents/MCUXpressoIDE_25.6.136/workspace/612_wifi_webconfig/wifi/wifidriver/incl/mlan_main.h:3037:14:wlan_strlen	24	static
../wifi/wifidriver/mlan_api.c:78:5:wifi_send_shutdown_cmd	16	static
../wifi/wifidriver/mlan_api.c:93:5:wifi_deauthenticate	24	static
../wifi/wifidriver/mlan_api.c:159:5:wifi_get_eeprom_data	40	static
../wifi/wifidriver/mlan_api.c:177:5:wifi_reg_access	48	static
../wifi/wifidriver/mlan_api.c:221:5:wifi_mem_access	40	static
../wifi/wifidriver/mlan_api.c:303:5:wifi_get_tsf	48	static
../wifi/wifidriver/mlan_api.c:332:5:wifi_send_rssi_info_cmd	48	static
../wifi/wifidriver/mlan_api.c:361:5:wifi_send_rf_channel_cmd	40	static
../wifi/wifidriver/mlan_api.c:385:5:wifi_send_remain_on_channel_cmd	48	static
../wifi/wifidriver/mlan_api.c:410:5:wifi_get_set_rf_tx_power	40	static
../wifi/wifidriver/mlan_api.c:429:5:wifi_get_data_rate	40	static
../wifi/wifidriver/mlan_api.c:466:5:wifi_set_pmfcfg	24	static
../wifi/wifidriver/mlan_api.c:476:5:wifi_get_pmfcfg	24	static
../wifi/wifidriver/mlan_api.c:486:5:wifi_set_packet_filters	72	static
../wifi/wifidriver/mlan_api.c:665:5:wifi_set_auto_arp	88	static
../wifi/wifidriver/mlan_api.c:701:5:wifi_tcp_keep_alive	128	static
../wifi/wifidriver/mlan_api.c:2140:5:wifi_send_scan_cmd	56	static
../wifi/wifidriver/mlan_api.c:2428:12:wifi_send_key_material_cmd	56	static
../wifi/wifidriver/mlan_api.c:2458:5:wifi_set_key	424	static
../wifi/wifidriver/mlan_api.c:2545:5:wifi_set_rekey_info	24	static
../wifi/wifidriver/mlan_api.c:2605:5:wifi_set_igtk_key	408	static
../wifi/wifidriver/mlan_api.c:2623:5:wifi_remove_key	408	static
../wifi/wifidriver/mlan_api.c:2654:12:wifi_send_rf_antenna_cmd	56	static
../wifi/wifidriver/mlan_api.c:2696:5:wifi_get_antenna	48	static
../wifi/wifidriver/mlan_api.c:2732:5:wifi_set_antenna	32	static
../wifi/wifidriver/mlan_api.c:2744:12:wifi_send_get_log_cmd	48	static
../wifi/wifidriver/mlan_api.c:2765:5:wifi_get_log	24	static
../wifi/wifidriver/mlan_api.c:2777:5:wifi_get_stats	32	static
../wifi/wifidriver/mlan_api.c:2851:5:wifi_reset_stats	32	static
../wifi/wifidriver/mlan_api.c:2896:12:wifi_send_cmd_802_11_supplicant_pmk	64	static
../wifi/wifidriver/mlan_api.c:2917:5:wifi_send_add_wpa_pmk	416	static
../wifi/wifidriver/mlan_api.c:2955:5:wifi_send_get_wpa_pmk	400	static
../wifi/wifidriver/mlan_api.c:2990:5:wifi_send_add_wpa_psk	416	static
../wifi/wifidriver/mlan_api.c:3027:5:wifi_send_add_wpa3_password	416	static
../wifi/wifidriver/mlan_api.c:3060:5:wifi_send_clear_wpa_psk	400	static
../wifi/wifidriver/mlan_api.c:3088:5:wifi_send_enable_supplicant	400	static
../wifi/wifidriver/mlan_api.c:3116:5:wifi_send_disable_supplicant	392	static
../wifi/wifidriver/mlan_api.c:3128:5:wifi_set_mac_multicast_addr	48	static
../wifi/wifidriver/mlan_api.c:3178:5:wifi_get_otp_user_data	296	static
../wifi/wifidriver/mlan_api.c:3206:5:wifi_get_cal_data	32	static
../wifi/wifidriver/mlan_api.c:3231:6:wifi_request_get_fw_info	16	static
../wifi/wifidriver/mlan_api.c:3251:6:wifi_get_fw_info	144	static
../wifi/wifidriver/mlan_api.c:3265:5:wifi_get_firmware_version_ext	40	static
../wifi/wifidriver/mlan_api.c:3278:5:wifi_get_firmware_version	72	static
../wifi/wifidriver/mlan_api.c:3363:5:wifi_get_region_code	16	static
../wifi/wifidriver/mlan_api.c:3369:5:wifi_set_region_code	64	static
../wifi/wifidriver/mlan_api.c:3424:5:wifi_enable_11d_support	24	static
../wifi/wifidriver/mlan_api.c:3435:5:wifi_disable_11d_support	16	static
../wifi/wifidriver/mlan_api.c:3444:5:wifi_enable_uap_11d_support	16	static
../wifi/wifidriver/mlan_api.c:3458:5:wifi_disable_uap_11d_support	8	static
../wifi/wifidriver/mlan_api.c:3469:5:wifi_enable_11d_support_APIs	16	static
../wifi/wifidriver/mlan_api.c:3476:22:get_sub_band_from_region_code	24	static
../wifi/wifidriver/mlan_api.c:3507:22:get_sub_band_from_region_code_5ghz	24	static
../wifi/wifidriver/mlan_api.c:3561:6:wifi_11d_is_channel_allowed	32	static
../wifi/wifidriver/mlan_api.c:3617:5:wifi_enable_ecsa_support	8	static
../wifi/wifidriver/mlan_api.c:3622:6:wifi_is_ecsa_enabled	4	static
../wifi/wifidriver/mlan_api.c:3627:12:get_free_mgmt_ie_index	24	static
../wifi/wifidriver/mlan_api.c:3642:13:set_ie_index	16	static
../wifi/wifidriver/mlan_api.c:3647:13:clear_ie_index	16	static
../wifi/wifidriver/mlan_api.c:3652:14:get_ie_index	4	static
../wifi/wifidriver/mlan_api.c:3701:13:ie_index_is_set	16	static
../wifi/wifidriver/mlan_api.c:3706:6:reset_ie_index	4	static
../wifi/wifidriver/mlan_api.c:3711:12:wifi_config_mgmt_ie	56	static
../wifi/wifidriver/mlan_api.c:3872:5:wifi_get_mgmt_ie	32	static
../wifi/wifidriver/mlan_api.c:3877:5:wifi_set_mgmt_ie	40	static
../wifi/wifidriver/mlan_api.c:3884:5:wifi_clear_mgmt_ie	32	static
../wifi/wifidriver/mlan_api.c:3890:12:wifi_config_mgmt_ie2	56	static
../wifi/wifidriver/mlan_api.c:4030:5:wifi_get_mgmt_ie2	32	static
../wifi/wifidriver/mlan_api.c:4035:5:wifi_set_mgmt_ie2	40	static
../wifi/wifidriver/mlan_api.c:4042:5:wifi_clear_mgmt_ie2	32	static
../wifi/wifidriver/mlan_api.c:4049:5:wifi_get_mgmt_ie_by_index	56	static
../wifi/wifidriver/mlan_api.c:4223:5:wifi_set_chanlist	32	static
../wifi/wifidriver/mlan_api.c:4276:5:wifi_get_chanlist	40	static
../wifi/wifidriver/mlan_api.c:4324:6:wifi_get_active_channel_list	24	static
../wifi/wifidriver/mlan_api.c:4333:5:wifi_set_txpwrlimit	40	static
../wifi/wifidriver/mlan_api.c:4374:5:wifi_get_txpwrlimit	32	static
../wifi/wifidriver/mlan_api.c:4397:5:wifi_set_rts	64	static
../wifi/wifidriver/mlan_api.c:4501:5:wifi_set_frag	64	static
../wifi/wifidriver/mlan_api.c:4603:6:wifi_set_curr_bss_channel	24	static
../wifi/wifidriver/mlan_api.c:4612:5:wifi_host_11k_cfg	32	static
../wifi/wifidriver/mlan_api.c:4657:5:wifi_host_11k_neighbor_req	24	static
../wifi/wifidriver/mlan_api.c:4671:5:wifi_host_11v_bss_trans_query	16	static
../wifi/wifidriver/mlan_api.c:4678:5:wifi_host_mbo_cfg	536	static
../wifi/wifidriver/mlan_api.c:4713:5:wifi_mbo_preferch_cfg	552	static
../wifi/wifidriver/mlan_api.c:4746:5:wifi_mbo_send_preferch_wnm	64	static
../wifi/wifidriver/mlan_api.c:4874:5:wifi_set_ed_mac_mode	32	static
../wifi/wifidriver/mlan_api.c:4919:5:wifi_get_ed_mac_mode	24	static
../wifi/wifidriver/mlan_api.c:4950:5:wifi_set_smart_mode_cfg	80	static
../wifi/wifidriver/mlan_api.c:5056:5:wifi_get_smart_mode_cfg	24	static
../wifi/wifidriver/mlan_api.c:5075:5:wifi_start_smart_mode	24	static
../wifi/wifidriver/mlan_api.c:5094:5:wifi_stop_smart_mode	24	static
../wifi/wifidriver/mlan_api.c:5116:6:wifi_get_band	24	static
../wifi/wifidriver/mlan_api.c:5131:5:wifi_get_bgscan_results	24	static
../wifi/wifidriver/mlan_api.c:5162:5:wifi_send_scan_query	16	static
../wifi/wifidriver/mlan_api.c:5182:5:wifi_send_hostcmd	32	static
../wifi/wifidriver/mlan_api.c:5226:5:wifi_set_eu_crypto	32	static
../wifi/wifidriver/mlan_api.c:5284:5:wifi_set_rx_mgmt_indication	32	static
../wifi/wifidriver/mlan_api.c:5309:5:wifi_get_set_bandcfg	80	static
../wifi/wifidriver/mlan_api.c:5378:16:wifi_PrepDefaultMgtMsg	40	static
../wifi/wifidriver/mlan_api.c:5414:6:set_ecsa_block_tx_time	16	static
../wifi/wifidriver/mlan_api.c:5419:6:get_ecsa_block_tx_time	4	static
../wifi/wifidriver/mlan_api.c:5424:6:set_ecsa_block_tx_flag	16	static
../wifi/wifidriver/mlan_api.c:5429:6:get_ecsa_block_tx_flag	4	static
../wifi/wifidriver/mlan_api.c:5434:5:wlan_get_nonglobal_operclass_by_bw_channel	64	static
../wifi/wifidriver/mlan_api.c:5484:5:wifi_set_ecsa_cfg	96	static
../wifi/wifidriver/mlan_api.c:5716:5:wifi_set_action_ecsa_cfg	72	static
../wifi/wifidriver/mlan_api.c:6088:5:wifi_set_wmm_qos_cfg	400	static
../wifi/wifidriver/mlan_api.c:6107:6:wifi_set_sleep_period	40	static
../wifi/wifidriver/mlan_api.c:6122:5:wifi_mmsf_cfg	48	static
../wifi/wifidriver/mlan_api.c:6181:5:wifi_tx_ampdu_prot_mode	40	static
../wifi/wifidriver/mlan_api.c:6197:5:wifi_csi_cfg	48	static
../wifi/wifidriver/mlan_api.c:6227:5:wifi_channel_load	56	static
../wifi/wifidriver/mlan_api.c:6250:5:wifi_get_channel_load	24	static
../wifi/wifidriver/mlan_api.c:6266:5:wifi_set_ips_config	24	static
../wifi/wifidriver/mlan_api.c:6288:5:wifi_net_monitor_cfg	48	static
../wifi/wifidriver/mlan_api.c:6316:5:wifi_mgmtframe_tx_cfg	56	static
../wifi/wifidriver/mlan_api.c:6385:5:wifi_tsp_cfg	72	static
../wifi/wifidriver/mlan_api.c:6757:5:wifi_single_ant_duty_cycle	24	static
../wifi/wifidriver/mlan_api.c:6790:5:wifi_dual_ant_duty_cycle	32	static
../wifi/wifidriver/mlan_api.c:6827:5:wifi_external_coex_pta_cfg	40	static
../wifi/wifidriver/mlan_api.c:6897:5:wifi_sta_inactivityto	24	static
../wifi/wifidriver/mlan_api.c:6929:5:wifi_auto_null_tx	32	static
../wifi/wifidriver/mlan_api.c:6980:19:is_broadcast_ether_addr	16	static
../wifi/wifidriver/mlan_api.c:6985:19:is_multicast_ether_addr	16	static
../wifi/wifidriver/mlan_api.c:6991:6:wifi_iface_tx_stats	24	static
../wifi/wifidriver/mlan_api.c:7020:6:wifi_iface_rx_stats	24	static
