/Users/miguelvladimirvargassanchez/Documents/MCUXpressoIDE_25.6.136/workspace/612_wifi_webconfig/drivers/fsl_adc.h:699:20:ADC_DoSoftwareTrigger	16	static
/Users/miguelvladimirvargassanchez/Documents/MCUXpressoIDE_25.6.136/workspace/612_wifi_webconfig/drivers/fsl_adc.h:709:20:ADC_StopConversion	16	static
/Users/miguelvladimirvargassanchez/Documents/MCUXpressoIDE_25.6.136/workspace/612_wifi_webconfig/drivers/fsl_adc.h:720:24:ADC_GetConversionResult	16	static
/Users/miguelvladimirvargassanchez/Documents/MCUXpressoIDE_25.6.136/workspace/612_wifi_webconfig/drivers/fsl_adc.h:792:20:ADC_ClearStatusFlags	16	static
../source/boards_tasks/boards_tasks.c:50:6:GAU_ADC0_IRQHandler	8	static
../source/boards_tasks/boards_tasks.c:57:13:ADCTask_B1	64	static
../source/boards_tasks/boards_tasks.c:98:13:mqtt_message_recevie_task_B1	64	static
../source/boards_tasks/boards_tasks.c:115:13:ADCTask_B2	48	static
../source/boards_tasks/boards_tasks.c:149:13:mqtt_message_recevie_task_B2	64	static
../source/boards_tasks/boards_tasks.c:162:13:mqtt_message_recevie_task_B3	64	static
../source/boards_tasks/boards_tasks.c:174:16:get_selected_board	4	static
../source/boards_tasks/boards_tasks.c:178:6:suscribe_to_board_topics	8	static
../source/boards_tasks/boards_tasks.c:188:6:tasks_create	16	static
