../source/mqtt_freertos/mqtt_freertos.c:108:13:mqtt_topic_subscribed_cb	24	static
../source/mqtt_freertos/mqtt_freertos.c:125:13:mqtt_incoming_publish_cb	24	static
../source/mqtt_freertos/mqtt_freertos.c:134:13:mqtt_incoming_data_cb	80	static
../source/mqtt_freertos/mqtt_freertos.c:161:6:mqtt_set_subscribe_topics	16	static
../source/mqtt_freertos/mqtt_freertos.c:168:13:mqtt_subscribe_topics	48	static
../source/mqtt_freertos/mqtt_freertos.c:208:13:mqtt_connection_cb	32	static
../source/mqtt_freertos/mqtt_freertos.c:266:13:connect_to_mqtt	24	static
../source/mqtt_freertos/mqtt_freertos.c:279:13:disconnect_from_mqtt	16	static
../source/mqtt_freertos/mqtt_freertos.c:291:13:mqtt_message_published_cb	24	static
../source/mqtt_freertos/mqtt_freertos.c:305:13:publish_message_cb	56	static
../source/mqtt_freertos/mqtt_freertos.c:325:13:publish_message	48	static
../source/mqtt_freertos/mqtt_freertos.c:344:6:mqtt_send_message	24	static
../source/mqtt_freertos/mqtt_freertos.c:365:13:app_thread	24	static
../source/mqtt_freertos/mqtt_freertos.c:432:13:generate_client_id	56	static
../source/mqtt_freertos/mqtt_freertos.c:492:6:mqtt_freertos_run_thread	24	static
